// Jest Snapshot v1, https://goo.gl/fbAQLP

exports[`Services snapshot Should render as expected 1`] = `
<div>
  <div
    className="container"
  >
    <div
      className="row"
    >
      <div
        className="col-6 align-items-center"
      >
        <div>
          <img
            alt="mower"
            className="rounded servimg"
            src="https://res.cloudinary.com/dvqlfwgtf/image/upload/v1549408306/Five%20Star/mower_res.jpg"
          />
          <br />
          <p
            className="servicetext"
          >
            LAWN MOWING
          </p>
        </div>
      </div>
      <div
        className="col-6 align-items-center"
      >
        <div>
          <img
            alt="whipsnip"
            className="rounded servimg"
            src="https://res.cloudinary.com/dvqlfwgtf/image/upload/v1549408307/Five%20Star/whippersnipper_res.jpg"
          />
          <br />
          <p
            className="servicetext"
          >
            WHIPPER SNIPPING
          </p>
        </div>
      </div>
    </div>
    <div
      className="row"
    >
      <div
        className="col-6"
      >
        <img
          alt="weeding"
          className="rounded servimg"
          src="https://res.cloudinary.com/dvqlfwgtf/image/upload/v1549408307/Five%20Star/weeding_res.jpg"
        />
        <br />
        <p
          className="servicetext"
        >
          WEEDING
        </p>
      </div>
      <div
        className="col-6"
      >
        <img
          alt="hedging"
          className="rounded servimg"
          src="https://res.cloudinary.com/dvqlfwgtf/image/upload/v1549408306/Five%20Star/hedging_res.jpg"
        />
        <br />
        <p
          className="servicetext"
        >
          HEDGE TRIMMING
        </p>
      </div>
    </div>
    <div
      className="row"
    >
      <div
        className="col-6"
      >
        <img
          alt="spraying"
          className="rounded servimg"
          src="https://res.cloudinary.com/dvqlfwgtf/image/upload/v1549408307/Five%20Star/spraying_res.jpg"
        />
        <br />
        <p
          className="servicetext"
        >
          PLANT SPRAYING
        </p>
      </div>
      <div
        className="col-6"
      >
        <img
          alt="rubbish"
          className="rounded servimg"
          src="https://res.cloudinary.com/dvqlfwgtf/image/upload/v1549408306/Five%20Star/rubbish_res.jpg"
        />
        <br />
        <p
          className="servicetext"
        >
          RUBBISH REMOVAL
        </p>
      </div>
    </div>
    <div
      className="row"
    >
      <div
        className="col-6"
      >
        <img
          alt="gardening"
          className="rounded servimg"
          src="https://res.cloudinary.com/dvqlfwgtf/image/upload/v1549408306/Five%20Star/gardening_res.jpg"
        />
        <br />
        <p
          className="servicetext"
        >
          GARDENING
        </p>
      </div>
      <div
        className="col-6"
      >
        <img
          alt="treetrim"
          className="rounded servimg"
          src="https://res.cloudinary.com/dvqlfwgtf/image/upload/v1549408307/Five%20Star/treetrim_res.jpg"
        />
        <br />
        <p
          className="servicetext"
        >
          TREE TRIMMING
        </p>
      </div>
    </div>
    <div
      className="row"
    >
      <div
        className="col-6"
      >
        <img
          alt="treecut"
          className="rounded servimg"
          src="https://res.cloudinary.com/dvqlfwgtf/image/upload/v1549408307/Five%20Star/treeremove_res.jpg"
        />
        <br />
        <p
          className="servicetext"
        >
          TREE REMOVAL
        </p>
      </div>
      <div
        className="col-6"
      >
        <img
          alt="turfing"
          className="rounded servimg"
          src="https://res.cloudinary.com/dvqlfwgtf/image/upload/v1549408307/Five%20Star/turf_res.jpg"
        />
        <br />
        <p
          className="servicetext"
        >
          TURF LAYING
        </p>
      </div>
    </div>
    <div
      className="row"
    >
      <div
        className="col-6"
      >
        <img
          alt="fertilizer"
          className="rounded servimg"
          src="https://res.cloudinary.com/dvqlfwgtf/image/upload/v1549408306/Five%20Star/fert_res.jpg"
        />
        <br />
        <p
          className="servicetext"
        >
          FERTILISE LAWNS
        </p>
      </div>
      <div
        className="col-6"
      >
        <img
          alt="pressurewash"
          className="rounded servimg"
          src="https://res.cloudinary.com/dvqlfwgtf/image/upload/v1549408306/Five%20Star/pressurewash_res.jpg"
        />
        <br />
        <p
          className="servicetext"
        >
          PRESSURE WASHING
        </p>
      </div>
    </div>
  </div>
</div>
`;
